// Jest Snapshot v1, https://goo.gl/fbAQLP

exports[`Filter Dropdowns Handle template selection Should return selected option wrapped in span element 1`] = `
jQuery {
  "0": <span
    class="select2-selection__choice__text"
  >
    Hello world
  </span>,
  "length": 1,
}
`;

exports[`Filter Dropdowns Selectors Should match snapshot 1`] = `"{\\"dropdownInput\\":\\"[data-js=\\\\\\"tribe-filter-bar-c-dropdown-input\\\\\\"]\\"}"`;
