// Jest Snapshot v1, https://goo.gl/fbAQLP

exports[`Filter Bar State Selectors Should match snapshot 1`] = `"{\\"actionDone\\":\\"[data-js=\\\\\\"tribe-filter-bar__action-done\\\\\\"]\\",\\"container\\":\\"[data-js=\\\\\\"tribe-events-view\\\\\\"]\\",\\"dataScript\\":\\"[data-js=\\\\\\"tribe-events-view-data\\\\\\"]\\",\\"filterBar\\":\\"[data-js~=\\\\\\"tribe-filter-bar\\\\\\"]\\",\\"filterBarOpen\\":\\".tribe-filter-bar--open\\",\\"filterButton\\":\\"[data-js~=\\\\\\"tribe-events-filter-button\\\\\\"]\\",\\"filterButtonActive\\":\\".tribe-events-c-events-bar__filter-button--active\\",\\"filterButtonText\\":\\".tribe-events-c-events-bar__filter-button-text\\"}"`;
